Beam 5, Echos 44901 (0..44901)
Orbit: Δt-Abw max 9.2 µs (Sprünge 0), Quant max 16.9 µs, Blöcke 1474753398.00–1474753425.00 s, Echos 1474753398.61–1474753425.60 s, |r| 7079.978–7080.124 km
Raster-Rest (Zeit→Sample): max. 0.250 Samples
Range: 20031 + Pad → 20160
  dekodiere Echo 0/44901 …
  dekodiere Echo 5000/44901 …
  dekodiere Echo 10000/44901 …
  dekodiere Echo 15000/44901 …
  dekodiere Echo 20000/44901 …
  dekodiere Echo 25000/44901 …
  dekodiere Echo 30000/44901 …
  dekodiere Echo 35000/44901 …
  dekodiere Echo 40000/44901 …
Rohbild: 44901 × 20160 (7.24 GB)
Slant: 913.5–977.9 km, fs 46.9184 MHz
v_eff Mitte: 7100.4 m/s, Bandbreite: 42.19 MHz
f_DC geometrisch: 153.8–162.7 Hz
f_DC Clutterlock: -101.5–79.9 Hz
GPU-Chunks: 7 à 8192 (Overlap 2048)
  Chunk 1/7, Zeilen 0..8192 …
  Chunk 2/7, Zeilen 6144..14336 …
  Chunk 3/7, Zeilen 12288..20480 …
  Chunk 4/7, Zeilen 18432..26624 …
  Chunk 5/7, Zeilen 24576..32768 …
  Chunk 6/7, Zeilen 30720..38912 …
  Chunk 7/7, Zeilen 36709..44901 …
Zeit: Dekodierung 27.0 s, Orbit+f_DC 0.2 s, Fokus 94.8 s (gesamt 122.0 s)
Host-Speicher (Peak): 20.81 GB
Ausgabe-Raster: 44901 × 17634 (Wrap-Rand 2397 beschnitten)
geschrieben: /tmp/e2e_full.cf (6.33 GB)
Leistung: Mittel 6.869e5, Std 2.898e7, Kontrast 42.19
geschrieben: /tmp/e2e_full.png (2204×2138, 41.8–68.1 dB)
      ...................................            ....................
         .................................
    ............................................
......................................................
....::::::::::-:::::::.:..........................................
....::::::::::::::::::::::::::::.::................. . ..........
....:::::::::::::::::::::::::::::::::::::......::....................
::::::::::::::::::::::::::::::::::::::::::::::::::::::.....::..............
:::::::::::::::::::::::::::::::::::::::::::::::::::::::::::::::::...........
:::::::::::::::::-:::::::-=---::---:-::-------::::::::::::::::::::::.............
-------------+=------:=++***#**++*+++**+=-::::::::::::::::::::::::::..............         ..::-
==++++++==+++++++*+*******++***********+*********++++++**++*+++++++++++++++==++==+========-====-
==-=++++=++++++**+****++**********+********+++++++***+**++*++++++*++++++++++++===-==+======-----
=-===+=+++==+++++******************+******+++++++**+++++++++++++++++++++++=+=============-----=-
===+++==+===++=+++***************++++**++****+++++++=+++++++==++++++==++++=====-=-===-=-=-----=-
****##***************************+*+++++++++++++=---=++++++++=====+++========--:....::--------==
**##**#**####****#********************+++=++++++++++++++++++++++++++++============--------------
****########*####***********+**+******+=--=++++**+****++++++++++++++++==============-===-------:
***#*#####**#####**********************************##***+**++++++++++=++===========----------===
***####*#*#****#*#****#####**#**#**#**+*****++*+*++*+*++++++++++++++===+============--------====
**######%%##################*#*#####*+***********+++++++++++++++++==================-=------====
#********#*#******#*####**##**#*************++*+**+++++++++++++++++=+================--------===
***#*****##########********##*#####***********++*+++++++++++++++++=+=====================---====
***************************##******++*********+++++++++++++++++++=+=+++========================+
=+++++++++++++++++++++++++*++++++++++++++++--:---===-====+++++++=+====+================-=-------

Az-Profil: 3.35e4 2.73e4 3.53e4 6.01e4 9.44e4 6.78e4 1.08e5 6.11e5
           8.29e5 7.37e5 9.16e5 7.92e5 7.65e5 8.88e5 1.10e6 1.23e6
           1.39e6 1.37e6 1.47e6 7.79e5 7.19e5 6.87e5 6.62e5 6.77e5
           7.14e5 6.17e5 5.66e5 6.74e5 6.31e5 5.79e5 6.09e5 5.74e5

Theorie-Auflösung: Range 3.15 m, Azimut 6.15 m
RFI-Zeilen maskiert: 30/44901 (Median 6.46e5)
Viertel 0 (az 0..11225):
  Peak 1: (az 4240, rg 2646) P=7.385e10, FWHM rg 1.39px/4.4m az 7.55px/32.2m K=46.4dB
  Peak 2: (az 10188, rg 6182) P=1.637e10, FWHM rg 3.08px/9.8m az 4.40px/18.8m K=33.2dB
  Peak 3: (az 5346, rg 6221) P=1.141e10, FWHM rg 1.55px/4.9m az 2.77px/11.8m K=46.5dB punktförmig
  Peak 4: (az 11133, rg 4873) P=1.129e10, FWHM rg 1.07px/3.4m az 19.14px/81.7m K=40.4dB
  Peak 5: (az 4445, rg 3661) P=8.174e9, FWHM rg 1.11px/3.5m az 2.33px/9.9m K=47.9dB SCHIFF
  Peak 6: (az 10672, rg 5017) P=2.972e9, FWHM rg 1.36px/4.3m az 1.45px/6.2m K=35.5dB punktförmig
  Peak 7: (az 5010, rg 3525) P=2.766e9, FWHM rg 1.13px/3.6m az 2.13px/9.1m K=44.6dB SCHIFF
  Peak 8: (az 3699, rg 3824) P=2.570e9, FWHM rg 1.03px/3.3m az 1.92px/8.2m K=40.6dB punktförmig
  Peak 9: (az 5094, rg 4331) P=2.366e9, FWHM rg 1.60px/5.1m az 1.52px/6.5m K=41.5dB SCHIFF
  Peak 10: (az 10672, rg 5536) P=1.927e9, FWHM rg 1.06px/3.4m az 10.01px/42.7m K=29.5dB
  Peak 11: (az 10523, rg 5343) P=1.821e9, FWHM rg 1.03px/3.3m az 12.53px/53.5m K=32.1dB
  Peak 12: (az 11222, rg 5582) P=1.740e9, FWHM rg 1.25px/4.0m az 2.60px/11.1m K=29.0dB punktförmig
Viertel 1 (az 11225..22450):
  Peak 1: (az 12161, rg 4894) P=1.231e11, FWHM rg 1.08px/3.4m az 23.96px/102.3m K=47.8dB
  Peak 2: (az 12368, rg 4284) P=1.015e11, FWHM rg 1.10px/3.5m az 22.91px/97.8m K=47.5dB
  Peak 3: (az 11238, rg 5582) P=1.198e10, FWHM rg 1.09px/3.5m az 1.96px/8.4m K=37.1dB punktförmig
  Peak 4: (az 21842, rg 7803) P=6.370e9, FWHM rg 1.05px/3.4m az 5.24px/22.4m K=35.2dB
  Peak 5: (az 12127, rg 5448) P=6.285e9, FWHM rg 1.24px/3.9m az 1.77px/7.6m K=38.5dB punktförmig
  Peak 6: (az 11810, rg 4157) P=6.274e9, FWHM rg 1.02px/3.3m az 19.33px/82.5m K=38.1dB
  Peak 7: (az 13945, rg 3808) P=5.911e9, FWHM rg 1.90px/6.1m az 5.32px/22.7m K=40.3dB
  Peak 8: (az 18662, rg 849) P=5.542e9, FWHM rg 1.43px/4.6m az 2.21px/9.4m K=31.0dB punktförmig
  Peak 9: (az 22029, rg 10040) P=5.333e9, FWHM rg 1.06px/3.4m az 5.88px/25.1m K=36.3dB
  Peak 10: (az 18424, rg 945) P=4.533e9, FWHM rg 1.89px/6.0m az 2.39px/10.2m K=36.2dB punktförmig
  Peak 11: (az 11637, rg 4720) P=4.212e9, FWHM rg 1.05px/3.3m az 6.76px/28.9m K=31.4dB
  Peak 12: (az 12220, rg 4428) P=3.811e9, FWHM rg 1.04px/3.3m az 8.75px/37.3m K=35.9dB
Viertel 2 (az 22450..33675):
  Peak 1: (az 25612, rg 5673) P=7.704e10, FWHM rg 1.21px/3.9m az 7.70px/32.9m K=45.1dB
  Peak 2: (az 22940, rg 5541) P=3.446e10, FWHM rg 1.01px/3.2m az 7.53px/32.2m K=42.7dB
  Peak 3: (az 29145, rg 11947) P=2.715e10, FWHM rg 1.64px/5.2m az 4.66px/19.9m K=53.2dB
  Peak 4: (az 22546, rg 2779) P=9.899e9, FWHM rg 1.22px/3.9m az 3.86px/16.5m K=37.4dB
  Peak 5: (az 25411, rg 2260) P=8.521e9, FWHM rg 1.18px/3.8m az 2.15px/9.2m K=35.4dB punktförmig
  Peak 6: (az 26016, rg 5934) P=6.440e9, FWHM rg 1.60px/5.1m az 12.45px/53.2m K=32.4dB
  Peak 7: (az 26397, rg 5072) P=4.971e9, FWHM rg 1.03px/3.3m az 4.49px/19.2m K=37.0dB
  Peak 8: (az 25755, rg 6207) P=4.831e9, FWHM rg 1.16px/3.7m az 4.29px/18.3m K=31.0dB
  Peak 9: (az 23835, rg 2154) P=4.709e9, FWHM rg 1.39px/4.5m az 3.52px/15.0m K=33.0dB
  Peak 10: (az 28930, rg 9973) P=4.701e9, FWHM rg 1.39px/4.5m az 14.39px/61.4m K=38.6dB
  Peak 11: (az 24721, rg 4520) P=4.177e9, FWHM rg 1.02px/3.3m az 19.89px/84.9m K=35.3dB
  Peak 12: (az 31114, rg 2605) P=3.909e9, FWHM rg 1.13px/3.6m az 16.98px/72.5m K=36.2dB
Viertel 3 (az 33675..44901):
  Peak 1: (az 37304, rg 4979) P=3.333e9, FWHM rg 1.01px/3.2m az 4.12px/17.6m K=37.9dB
  Peak 2: (az 34326, rg 6212) P=3.043e9, FWHM rg 1.88px/6.0m az 18.06px/77.1m K=36.4dB
  Peak 3: (az 41207, rg 11957) P=2.793e9, FWHM rg 1.14px/3.6m az 13.81px/58.9m K=38.3dB
  Peak 4: (az 39035, rg 6102) P=1.817e9, FWHM rg 1.20px/3.8m az 6.05px/25.8m K=33.3dB
  Peak 5: (az 37580, rg 2077) P=1.701e9, FWHM rg 1.36px/4.3m az 1.95px/8.3m K=34.1dB punktförmig
  Peak 6: (az 40011, rg 10934) P=1.423e9, FWHM rg 2.78px/8.9m az 17.23px/73.6m K=31.9dB
  Peak 7: (az 38196, rg 726) P=1.350e9, FWHM rg 1.05px/3.4m az 2.15px/9.2m K=36.7dB punktförmig
  Peak 8: (az 37746, rg 11344) P=1.264e9, FWHM rg 1.20px/3.8m az 21.48px/91.7m K=35.4dB
  Peak 9: (az 37779, rg 11526) P=1.236e9, FWHM rg 1.60px/5.1m az 19.54px/83.4m K=32.7dB
  Peak 10: (az 39938, rg 7914) P=9.256e8, FWHM rg 1.05px/3.3m az 14.00px/59.8m K=35.0dB
  Peak 11: (az 35322, rg 4440) P=9.024e8, FWHM rg 1.02px/3.3m az 9.58px/40.9m K=30.9dB
  Peak 12: (az 43514, rg 5571) P=8.748e8, FWHM rg 1.08px/3.4m az 19.22px/82.0m K=31.2dB
